// Jest Snapshot v1, https://goo.gl/fbAQLP

exports[`Renders input component correctly with expected props 1`] = `
<form
  className="form"
  onSubmit={[MockFunction]}
>
  <div
    className="formController"
  >
    <input
      className="searchInput"
      onChange={[Function]}
      placeholder="Enter username..."
      required={true}
    />
    <input
      className="btn"
      type="submit"
    />
  </div>
</form>
`;
